// Jest Snapshot v1, https://goo.gl/fbAQLP

exports[`search form it renders without error 1`] = `ShallowWrapper {}`;
