// Jest Snapshot v1, https://goo.gl/fbAQLP

exports[`it renders without error 1`] = `ShallowWrapper {}`;
